NVIDIA B200 · E=32 top_k=4 K=2048 N=2048 (H=1024) · median of 50 runs, CUDA graph replay
baseline timing (grouped and naive) covers the GEMMs, SwiGLU and the routing scale only; gather/scatter are excluded
bench bf16 tokens=4096
  naive=0.838 ms  grouped=0.340 ms  fused=0.281 ms  vs_grouped=1.21x  vs_naive=2.99x
bench bf16 tokens=8192
  naive=1.079 ms  grouped=0.618 ms  fused=0.510 ms  vs_grouped=1.21x  vs_naive=2.11x
bench bf16 tokens=16384
  naive=1.590 ms  grouped=1.187 ms  fused=0.968 ms  vs_grouped=1.23x  vs_naive=1.64x
bench bf16 tokens=32768
  naive=2.597 ms  grouped=2.378 ms  fused=1.957 ms  vs_grouped=1.22x  vs_naive=1.33x
bench bf16 tokens=65536
  naive=4.928 ms  grouped=4.797 ms  fused=3.941 ms  vs_grouped=1.22x  vs_naive=1.25x
bench bf16 tokens=131072
  naive=10.246 ms  grouped=9.940 ms  fused=7.835 ms  vs_grouped=1.27x  vs_naive=1.31x

bf16
tokens  torch naive expert loop (bf16)  torch grouped_mm (bf16)  fused MoE (bf16)  vs grouped  vs naive
4k      0.838 ms                        0.340 ms                 0.281 ms          1.21x       2.99x
8k      1.079 ms                        0.618 ms                 0.510 ms          1.21x       2.11x
16k     1.590 ms                        1.187 ms                 0.968 ms          1.23x       1.64x
32k     2.597 ms                        2.378 ms                 1.957 ms          1.22x       1.33x
64k     4.928 ms                        4.797 ms                 3.941 ms          1.22x       1.25x
128k    10.246 ms                       9.940 ms                 7.835 ms          1.27x       1.31x

markdown:
| tokens | torch naive expert loop (bf16) | torch grouped_mm (bf16) | fused MoE (bf16) | vs grouped | vs naive |
|---|---|---|---|---|---|
| 4k | 0.838 ms | 0.340 ms | 0.281 ms | 1.21x | 2.99x |
| 8k | 1.079 ms | 0.618 ms | 0.510 ms | 1.21x | 2.11x |
| 16k | 1.590 ms | 1.187 ms | 0.968 ms | 1.23x | 1.64x |
| 32k | 2.597 ms | 2.378 ms | 1.957 ms | 1.22x | 1.33x |
| 64k | 4.928 ms | 4.797 ms | 3.941 ms | 1.22x | 1.25x |
| 128k | 10.246 ms | 9.940 ms | 7.835 ms | 1.27x | 1.31x |
wrote /tmp/prime-flash-moe-20260826-081142/moe_bench_bf16.png
bench mxfp8 tokens=4096
  naive=1.975 ms  grouped=0.610 ms  fused=0.262 ms  vs_grouped=2.33x  vs_naive=7.55x  grouped_noreq=0.317 ms  vs_grouped_noreq=1.21x
bench mxfp8 tokens=8192
  naive=2.298 ms  grouped=1.111 ms  fused=0.473 ms  vs_grouped=2.35x  vs_naive=4.86x  grouped_noreq=0.555 ms  vs_grouped_noreq=1.17x
bench mxfp8 tokens=16384
  naive=3.158 ms  grouped=2.076 ms  fused=0.890 ms  vs_grouped=2.33x  vs_naive=3.55x  grouped_noreq=1.023 ms  vs_grouped_noreq=1.15x
bench mxfp8 tokens=32768
  naive=4.761 ms  grouped=3.996 ms  fused=1.752 ms  vs_grouped=2.28x  vs_naive=2.72x  grouped_noreq=1.948 ms  vs_grouped_noreq=1.11x
bench mxfp8 tokens=65536
  naive=8.053 ms  grouped=7.852 ms  fused=3.495 ms  vs_grouped=2.25x  vs_naive=2.30x  grouped_noreq=3.818 ms  vs_grouped_noreq=1.09x
bench mxfp8 tokens=131072
  naive=16.313 ms  grouped=15.644 ms  fused=7.002 ms  vs_grouped=2.23x  vs_naive=2.33x  grouped_noreq=7.590 ms  vs_grouped_noreq=1.08x

mxfp8
tokens  naive expert loop (mxfp8)  torch scaled_grouped_mm (mxfp8)  fused MoE (mxfp8)  vs grouped  vs naive  grouped w/o requant  vs grouped w/o requant
4k      1.975 ms                   0.610 ms                         0.262 ms           2.33x       7.55x     0.317 ms             1.21x
8k      2.298 ms                   1.111 ms                         0.473 ms           2.35x       4.86x     0.555 ms             1.17x
16k     3.158 ms                   2.076 ms                         0.890 ms           2.33x       3.55x     1.023 ms             1.15x
32k     4.761 ms                   3.996 ms                         1.752 ms           2.28x       2.72x     1.948 ms             1.11x
64k     8.053 ms                   7.852 ms                         3.495 ms           2.25x       2.30x     3.818 ms             1.09x
128k    16.313 ms                  15.644 ms                        7.002 ms           2.23x       2.33x     7.590 ms             1.08x

markdown:
| tokens | naive expert loop (mxfp8) | torch scaled_grouped_mm (mxfp8) | fused MoE (mxfp8) | vs grouped | vs naive | grouped w/o requant | vs grouped w/o requant |
|---|---|---|---|---|---|---|---|
| 4k | 1.975 ms | 0.610 ms | 0.262 ms | 2.33x | 7.55x | 0.317 ms | 1.21x |
| 8k | 2.298 ms | 1.111 ms | 0.473 ms | 2.35x | 4.86x | 0.555 ms | 1.17x |
| 16k | 3.158 ms | 2.076 ms | 0.890 ms | 2.33x | 3.55x | 1.023 ms | 1.15x |
| 32k | 4.761 ms | 3.996 ms | 1.752 ms | 2.28x | 2.72x | 1.948 ms | 1.11x |
| 64k | 8.053 ms | 7.852 ms | 3.495 ms | 2.25x | 2.30x | 3.818 ms | 1.09x |
| 128k | 16.313 ms | 15.644 ms | 7.002 ms | 2.23x | 2.33x | 7.590 ms | 1.08x |
wrote /tmp/prime-flash-moe-20260826-081142/moe_bench_mxfp8.png
wrote /tmp/prime-flash-moe-20260826-081142/moe_bench_mxfp8_noreq.png
wrote /tmp/prime-flash-moe-20260826-081142/moe_bench.csv
